[     160ms] [INFO] %cDownload the React DevTools for a better development experience: https://react.dev/link/react-devtools font-weight:bold @ http://localhost:5274/node_modules/.vite/deps/react-dom_client.js?v=9e6038b6:15804
[    1200ms] [WARNING] React Flow: It seems like you are hiding the attribution. Please only do this when you are subscribed to React Flow Pro: https://reactflow.dev/remove-attr
%cYou can ignore this warning if you are subscribed. font-style: italic; @ http://localhost:5274/@vite/client:298
[   79062ms] [INFO] %cDownload the React DevTools for a better development experience: https://react.dev/link/react-devtools font-weight:bold @ http://localhost:5274/node_modules/.vite/deps/react-dom_client.js?v=9e6038b6:15804
[   80089ms] [WARNING] React Flow: It seems like you are hiding the attribution. Please only do this when you are subscribed to React Flow Pro: https://reactflow.dev/remove-attr
%cYou can ignore this warning if you are subscribed. font-style: italic; @ http://localhost:5274/@vite/client:298
[  103903ms] [INFO] %cDownload the React DevTools for a better development experience: https://react.dev/link/react-devtools font-weight:bold @ http://localhost:5274/node_modules/.vite/deps/react-dom_client.js?v=9e6038b6:15804
[  103928ms] ReferenceError: onUntrackScreen is not defined
    at BoardView (http://localhost:5274/src/App.tsx?t=1789899355622:117:3)
    at Object.react_stack_bottom_frame (http://localhost:5274/node_modules/.vite/deps/react-dom_client.js?v=9e6038b6:14142:12)
    at renderWithHooks (http://localhost:5274/node_modules/.vite/deps/react-dom_client.js?v=9e6038b6:4400:19)
    at updateFunctionComponent (http://localhost:5274/node_modules/.vite/deps/react-dom_client.js?v=9e6038b6:5775:16)
    at beginWork (http://localhost:5274/node_modules/.vite/deps/react-dom_client.js?v=9e6038b6:6391:20)
    at runWithFiberInDEV (http://localhost:5274/node_modules/.vite/deps/react-dom_client.js?v=9e6038b6:944:66)
    at performUnitOfWork (http://localhost:5274/node_modules/.vite/deps/react-dom_client.js?v=9e6038b6:9148:92)
    at workLoopSync (http://localhost:5274/node_modules/.vite/deps/react-dom_client.js?v=9e6038b6:9044:37)
    at renderRootSync (http://localhost:5274/node_modules/.vite/deps/react-dom_client.js?v=9e6038b6:9028:6)
    at performWorkOnRoot (http://localhost:5274/node_modules/.vite/deps/react-dom_client.js?v=9e6038b6:8715:27)
[  103924ms] [WARNING] %s

%s
 An error occurred in the <BoardView> component. Consider adding an error boundary to your tree to customize error handling behavior.
Visit https://react.dev/link/error-boundaries to learn more about error boundaries. @ http://localhost:5274/@vite/client:298
[  105672ms] [INFO] %cDownload the React DevTools for a better development experience: https://react.dev/link/react-devtools font-weight:bold @ http://localhost:5274/node_modules/.vite/deps/react-dom_client.js?v=9e6038b6:15804
[  105685ms] ReferenceError: onUntrackScreen is not defined
    at BoardView (http://localhost:5274/src/App.tsx?t=1789899355622:117:3)
    at Object.react_stack_bottom_frame (http://localhost:5274/node_modules/.vite/deps/react-dom_client.js?v=9e6038b6:14142:12)
    at renderWithHooks (http://localhost:5274/node_modules/.vite/deps/react-dom_client.js?v=9e6038b6:4400:19)
    at updateFunctionComponent (http://localhost:5274/node_modules/.vite/deps/react-dom_client.js?v=9e6038b6:5775:16)
    at beginWork (http://localhost:5274/node_modules/.vite/deps/react-dom_client.js?v=9e6038b6:6391:20)
    at runWithFiberInDEV (http://localhost:5274/node_modules/.vite/deps/react-dom_client.js?v=9e6038b6:944:66)
    at performUnitOfWork (http://localhost:5274/node_modules/.vite/deps/react-dom_client.js?v=9e6038b6:9148:92)
    at workLoopSync (http://localhost:5274/node_modules/.vite/deps/react-dom_client.js?v=9e6038b6:9044:37)
    at renderRootSync (http://localhost:5274/node_modules/.vite/deps/react-dom_client.js?v=9e6038b6:9028:6)
    at performWorkOnRoot (http://localhost:5274/node_modules/.vite/deps/react-dom_client.js?v=9e6038b6:8715:27)
[  105684ms] [WARNING] %s

%s
 An error occurred in the <BoardView> component. Consider adding an error boundary to your tree to customize error handling behavior.
Visit https://react.dev/link/error-boundaries to learn more about error boundaries. @ http://localhost:5274/@vite/client:298
[  110112ms] [INFO] %cDownload the React DevTools for a better development experience: https://react.dev/link/react-devtools font-weight:bold @ http://localhost:5274/node_modules/.vite/deps/react-dom_client.js?v=9e6038b6:15804
[  111178ms] [WARNING] React Flow: It seems like you are hiding the attribution. Please only do this when you are subscribed to React Flow Pro: https://reactflow.dev/remove-attr
%cYou can ignore this warning if you are subscribed. font-style: italic; @ http://localhost:5274/@vite/client:298
