[     107ms] [INFO] %cDownload the React DevTools for a better development experience: https://react.dev/link/react-devtools font-weight:bold @ http://localhost:5274/node_modules/.vite/deps/react-dom_client.js?v=9e6038b6:15804
[    8327ms] [WARNING] React Flow: It seems like you are hiding the attribution. Please only do this when you are subscribed to React Flow Pro: https://reactflow.dev/remove-attr
%cYou can ignore this warning if you are subscribed. font-style: italic; @ http://localhost:5274/@vite/client:298
[   95360ms] [INFO] %cDownload the React DevTools for a better development experience: https://react.dev/link/react-devtools font-weight:bold @ http://localhost:5274/node_modules/.vite/deps/react-dom_client.js?v=9e6038b6:15804
[   96391ms] [WARNING] React Flow: It seems like you are hiding the attribution. Please only do this when you are subscribed to React Flow Pro: https://reactflow.dev/remove-attr
%cYou can ignore this warning if you are subscribed. font-style: italic; @ http://localhost:5274/@vite/client:298
[  118601ms] [WARNING] [React Flow]: The parent container needs a width and a height to render the graph. Help: https://reactflow.dev/error#004 @ http://localhost:5274/@vite/client:298
[  122118ms] [INFO] %cDownload the React DevTools for a better development experience: https://react.dev/link/react-devtools font-weight:bold @ http://localhost:5274/node_modules/.vite/deps/react-dom_client.js?v=9e6038b6:15804
[  122168ms] [WARNING] [React Flow]: The parent container needs a width and a height to render the graph. Help: https://reactflow.dev/error#004 @ http://localhost:5274/@vite/client:298
[  122259ms] [WARNING] [React Flow]: The parent container needs a width and a height to render the graph. Help: https://reactflow.dev/error#004 @ http://localhost:5274/@vite/client:298
[  122832ms] [INFO] %cDownload the React DevTools for a better development experience: https://react.dev/link/react-devtools font-weight:bold @ http://localhost:5274/node_modules/.vite/deps/react-dom_client.js?v=9e6038b6:15804
[  122858ms] [WARNING] [React Flow]: The parent container needs a width and a height to render the graph. Help: https://reactflow.dev/error#004 @ http://localhost:5274/@vite/client:298
[  122908ms] [WARNING] [React Flow]: The parent container needs a width and a height to render the graph. Help: https://reactflow.dev/error#004 @ http://localhost:5274/@vite/client:298
[  123101ms] [INFO] %cDownload the React DevTools for a better development experience: https://react.dev/link/react-devtools font-weight:bold @ http://localhost:5274/node_modules/.vite/deps/react-dom_client.js?v=9e6038b6:15804
[  123126ms] [WARNING] [React Flow]: The parent container needs a width and a height to render the graph. Help: https://reactflow.dev/error#004 @ http://localhost:5274/@vite/client:298
[  123181ms] [WARNING] [React Flow]: The parent container needs a width and a height to render the graph. Help: https://reactflow.dev/error#004 @ http://localhost:5274/@vite/client:298
[  123345ms] [INFO] %cDownload the React DevTools for a better development experience: https://react.dev/link/react-devtools font-weight:bold @ http://localhost:5274/node_modules/.vite/deps/react-dom_client.js?v=9e6038b6:15804
[  123369ms] [WARNING] [React Flow]: The parent container needs a width and a height to render the graph. Help: https://reactflow.dev/error#004 @ http://localhost:5274/@vite/client:298
[  123419ms] [WARNING] [React Flow]: The parent container needs a width and a height to render the graph. Help: https://reactflow.dev/error#004 @ http://localhost:5274/@vite/client:298
[  124372ms] [WARNING] React Flow: It seems like you are hiding the attribution. Please only do this when you are subscribed to React Flow Pro: https://reactflow.dev/remove-attr
%cYou can ignore this warning if you are subscribed. font-style: italic; @ http://localhost:5274/@vite/client:298
[  127705ms] [INFO] %cDownload the React DevTools for a better development experience: https://react.dev/link/react-devtools font-weight:bold @ http://localhost:5274/node_modules/.vite/deps/react-dom_client.js?v=9e6038b6:15804
[  127731ms] [WARNING] [React Flow]: The parent container needs a width and a height to render the graph. Help: https://reactflow.dev/error#004 @ http://localhost:5274/@vite/client:298
[  127787ms] [WARNING] [React Flow]: The parent container needs a width and a height to render the graph. Help: https://reactflow.dev/error#004 @ http://localhost:5274/@vite/client:298
[  128315ms] [INFO] %cDownload the React DevTools for a better development experience: https://react.dev/link/react-devtools font-weight:bold @ http://localhost:5274/node_modules/.vite/deps/react-dom_client.js?v=9e6038b6:15804
[  128350ms] [WARNING] [React Flow]: The parent container needs a width and a height to render the graph. Help: https://reactflow.dev/error#004 @ http://localhost:5274/@vite/client:298
[  128412ms] [WARNING] [React Flow]: The parent container needs a width and a height to render the graph. Help: https://reactflow.dev/error#004 @ http://localhost:5274/@vite/client:298
[  128580ms] [INFO] %cDownload the React DevTools for a better development experience: https://react.dev/link/react-devtools font-weight:bold @ http://localhost:5274/node_modules/.vite/deps/react-dom_client.js?v=9e6038b6:15804
[  128616ms] [WARNING] [React Flow]: The parent container needs a width and a height to render the graph. Help: https://reactflow.dev/error#004 @ http://localhost:5274/@vite/client:298
[  128669ms] [WARNING] [React Flow]: The parent container needs a width and a height to render the graph. Help: https://reactflow.dev/error#004 @ http://localhost:5274/@vite/client:298
[  128823ms] [INFO] %cDownload the React DevTools for a better development experience: https://react.dev/link/react-devtools font-weight:bold @ http://localhost:5274/node_modules/.vite/deps/react-dom_client.js?v=9e6038b6:15804
[  128843ms] [WARNING] [React Flow]: The parent container needs a width and a height to render the graph. Help: https://reactflow.dev/error#004 @ http://localhost:5274/@vite/client:298
[  128892ms] [WARNING] [React Flow]: The parent container needs a width and a height to render the graph. Help: https://reactflow.dev/error#004 @ http://localhost:5274/@vite/client:298
[  129846ms] [WARNING] React Flow: It seems like you are hiding the attribution. Please only do this when you are subscribed to React Flow Pro: https://reactflow.dev/remove-attr
%cYou can ignore this warning if you are subscribed. font-style: italic; @ http://localhost:5274/@vite/client:298
[  131955ms] [INFO] %cDownload the React DevTools for a better development experience: https://react.dev/link/react-devtools font-weight:bold @ http://localhost:5274/node_modules/.vite/deps/react-dom_client.js?v=9e6038b6:15804
[  133043ms] [INFO] %cDownload the React DevTools for a better development experience: https://react.dev/link/react-devtools font-weight:bold @ http://localhost:5274/node_modules/.vite/deps/react-dom_client.js?v=9e6038b6:15804
[  134106ms] [WARNING] React Flow: It seems like you are hiding the attribution. Please only do this when you are subscribed to React Flow Pro: https://reactflow.dev/remove-attr
%cYou can ignore this warning if you are subscribed. font-style: italic; @ http://localhost:5274/@vite/client:298
[  153504ms] [INFO] %cDownload the React DevTools for a better development experience: https://react.dev/link/react-devtools font-weight:bold @ http://localhost:5274/node_modules/.vite/deps/react-dom_client.js?v=9e6038b6:15804
[  154536ms] [WARNING] React Flow: It seems like you are hiding the attribution. Please only do this when you are subscribed to React Flow Pro: https://reactflow.dev/remove-attr
%cYou can ignore this warning if you are subscribed. font-style: italic; @ http://localhost:5274/@vite/client:298
